load("@aspect_rules_js//js:defs.bzl", "js_library")

js_library(
    name = "tsc",
    srcs = ["main.js"],
)
