load("@aspect_rules_ts//ts:defs.bzl", "ts_project")

# gazelle:generation_mode create

ts_project(
    name = "b",
    srcs = ["lib-b.ts"],
    deps = [
        "//none",
        "//none/b/b1",
    ],
)
