load("@aspect_rules_js//npm:defs.bzl", "npm_package")
load("@aspect_rules_ts//ts:defs.bzl", "ts_config", "ts_project")
load("@npm//:defs.bzl", "npm_link_all_packages")

# gazelle:js_package_rule_kind npm_package

npm_link_all_packages(name = "node_modules")

ts_project(
    name = "tsc",
    srcs = [
        "src/index.ts",
        "src/types/index.ts",
    ],
    declaration = True,
    declaration_map = True,
    out_dir = "dist",
    root_dir = "src",
    tsconfig = ":tsconfig",
)

npm_package(
    name = "pkg",
    srcs = [
        "package.json",
        ":tsc",
    ],
    visibility = ["//visibility:public"],
)

ts_config(
    name = "tsconfig",
    src = "tsconfig.json",
)
