load("@aspect_rules_ts//ts:defs.bzl", "ts_project")
load("@npm//:defs.bzl", "npm_link_all_packages")

npm_link_all_packages(name = "node_modules")

ts_project(
    name = "node_native",
    srcs = [
        "main.ts",
        "main-es6.ts",
    ],
    deps = [":node_modules/@types/node"],
)
