load("@aspect_rules_ts//ts:defs.bzl", "ts_config", "ts_project")

# gazelle:js_tsconfig enabled
# gazelle:js_tsconfig_file bazel.tsconfig.json

ts_project(
    name = "custom_file",
    srcs = ["index.ts"],
    tsconfig = ":bazel_tsconfig",
    deps = ["//:node_modules/tslib"],
)

ts_config(
    name = "bazel_tsconfig",
    src = "bazel.tsconfig.json",
)
