load("@rules_kotlin//kotlin:jvm.bzl", "kt_jvm_library")

kt_jvm_library(
    name = "simple_module_repo",
    srcs = [
        "lib.kt",
        "libs.kts",
    ],
)
