load("@aspect_rules_ts//ts:defs.bzl", "ts_project")

# TODO: BUG: a.spec.ts should be excluded from the _tests target

ts_project(
    name = "partial_keep",
    srcs = [
        "a.foo.ts",
        "a.spec.ts",
        "a.ts",
    ],  #keep
)

ts_project(
    name = "partial_keep_tests",
    testonly = True,
    srcs = [
        "a.spec.ts",
        "b.spec.ts",
    ],
    deps = [":partial_keep"],
)
