load("@npm//:defs.bzl", "npm_link_all_packages")

# gazelle:js_npm_package_target_name {dirname}_pkg

npm_link_all_packages(name = "node_modules")
