load("@aspect_rules_ts//ts:defs.bzl", "ts_config", "ts_project")

ts_project(
    name = "isolated_typecheck",
    srcs = ["main.ts"],
    declaration = True,
    isolated_typecheck = True,
    tsconfig = ":tsconfig",
)

ts_config(
    name = "tsconfig",
    src = "tsconfig.json",
)
