load("//:defs.bzl", "ts_my_project")

ts_my_project(
    name = "mix",
    srcs = ["m.ts"],
)

ts_my_project(
    name = "mix_tests",
    testonly = True,
    srcs = ["m.spec.ts"],
)
