load("@aspect_rules_ts//ts:defs.bzl", "ts_project")

ts_project(
    name = "fallback",
    srcs = [
        "f1.ts",
        "f2/a.ts",
    ],
    deps = ["//lib/a"],
)
