load("@aspect_rules_js//js:defs.bzl", "js_library")

js_library(
    name = "addon",
    srcs = [
        "more-a.d.ts",
        "more-jquery.d.ts",
    ],
)
