load("@aspect_rules_ts//ts:defs.bzl", "ts_project")

ts_project(
    name = "a",
    srcs = ["index.ts"],
)
