load("//:defs.bzl", "ts_my_project")

ts_my_project(
    name = "empty",
    srcs = ["a.ts"],
)

ts_my_project(
    name = "empty_tests",
    testonly = True,
    srcs = ["a.spec.ts"],
)
