load("@aspect_rules_ts//ts:defs.bzl", "ts_project")

# gazelle:generation_mode update

ts_project(
    name = "b",
    srcs = [
        "b1/lib-b1.ts",
        "lib-b.ts",
    ],
    deps = ["//directory/a"],
)
