load("@aspect_rules_js//js:defs.bzl", "js_library")

js_library(
    name = "lib",
    srcs = ["lib.d.ts"],
)
