load("@aspect_rules_ts//ts:defs.bzl", "ts_config", "ts_project")

ts_project(
    name = "kept",
    srcs = ["w.ts"],
    isolated_typecheck = True,  # keep
    tsconfig = ":tsconfig",
)

ts_config(
    name = "tsconfig",
    src = "tsconfig.json",
    visibility = [":__subpackages__"],
)
