load("@aspect_rules_ts//ts:defs.bzl", "ts_project")

ts_project(
    name = "sub",
    srcs = ["index.ts"],
    deps = ["//:lib_proto_ts"],
)
