load("@aspect_rules_ts//ts:defs.bzl", "ts_project")

ts_project(
    name = "nested",
    srcs = ["test.ts"],
    deps = ["//lib/a"],
)
