load("@aspect_rules_ts//ts:defs.bzl", "ts_project")

# Output everything as a standard lib, no test target

# Only contains a standard target, no tests
# gazelle:js_test_files there-are-no-tests

ts_project(
    name = "test-lib",
    srcs = [
        "faker.ts",
        "normally.mock.ts",
        "normally.spec.ts",
        "normally.test.ts",
    ],
)
