load("@deps-test//my:rules.bzl", "x_lib")

x_lib(
    name = "a",
    foo = "bar",
    deps = [
        ":b",
        "@predefined//:value",
    ],
)

x_lib(
    name = "b",
    foo = "baz",
)
