load("@aspect_bazel_lib//lib:copy_to_bin.bzl", "copy_to_bin")

filegroup(
    name = "x",
    srcs = ["x.txt"],
)

copy_to_bin(
    name = "ctb",
    srcs = [
        "a.txt",
        ":x",
    ],
)

filegroup(
    name = "all-files",
    srcs = [
        "a.txt",
    ],
)

