load("@aspect_rules_js//js:defs.bzl", "js_library")
load("@aspect_rules_ts//ts:defs.bzl", "ts_project")
load("@deps-test//my:rules.bzl", "x_lib")

# aspect:js_files viteconfig vitest.config.mjs

ts_project(
    name = "crossresolve-js",
    srcs = ["main.ts"],
    deps = [
        ":a",
        ":b",
        "//sub:a",
    ],
)

x_lib(name = "a")

js_library(
    name = "b",
    srcs = ["file-served-by-js_library.js"],
)
