load("@aspect_rules_ts//ts:defs.bzl", "ts_config", "ts_project")

ts_project(
    name = "overrides",
    srcs = ["main.ts"],
    allow_js = False,
    tsconfig = ":tsconfig",
)

ts_config(
    name = "tsconfig",
    src = "tsconfig.json",
    deps = ["//:tsconfig"],
)
