load("@aspect_rules_js//npm:defs.bzl", "npm_package")
load("@aspect_rules_ts//ts:defs.bzl", "ts_config", "ts_project")
load("@npm//:defs.bzl", "npm_link_all_packages")

# gazelle:js_files m start.ts

npm_link_all_packages(name = "node_modules")

ts_project(
    name = "m",
    srcs = ["start.ts"],
    tsconfig = ":tsconfig",
)

npm_package(
    name = "pkg",
    srcs = [
        "package.json",
        ":m",
    ],
    visibility = ["//visibility:public"],
)

ts_config(
    name = "tsconfig",
    src = "tsconfig.json",
)
