load("@aspect_rules_js//js:defs.bzl", "js_library")

js_library(
    name = "jest-dom",
    srcs = ["more-jeset-dom.d.ts"],
)
