load("@aspect_rules_ts//ts:defs.bzl", "ts_config")
load("@npm//:defs.bzl", "npm_link_all_packages")

# gazelle:js_generation_mode none
# gazelle:js_tsconfig enabled

npm_link_all_packages(name = "node_modules")

ts_config(
    name = "tsconfig",
    src = "tsconfig.json",
)
