load("@aspect_rules_js//js:defs.bzl", "js_library")
load("@aspect_rules_js//npm:defs.bzl", "npm_package")
load("@npm//:defs.bzl", "npm_link_all_packages")

npm_link_all_packages(name = "node_modules")

js_library(
    name = "tsc",
    srcs = ["start.js"],
)

npm_package(
    name = "pkg",
    srcs = [
        "package.json",
        ":tsc",
    ],
    visibility = ["//visibility:public"],
)
