load("@aspect_rules_ts//ts:defs.bzl", "ts_config", "ts_project")

ts_project(
    name = "root",
    srcs = ["main.ts"],
    declaration_dir = ".",
    out_dir = "dist",
    tsconfig = ":tsconfig",
)

ts_config(
    name = "tsconfig",
    src = "tsconfig.json",
)
