load("@aspect_rules_ts//ts:defs.bzl", "ts_config", "ts_project")

# gazelle:js_generation_mode none

ts_project(
    name = "src2",
    srcs = ["main.ts"],
    deps = ["//roots/fr"],
)

ts_config(
    name = "tsconfig",
    src = "tsconfig.json",
    deps = ["//:tsconfig"],
)
